// Jest Snapshot v1, https://goo.gl/fbAQLP

exports[`should render ExpensesListItem 1`] = `
<div>
  <[object Object]
    to="/edit/1"
  >
    <h3>
      Gum
    </h3>
  </[object Object]>
  <p>
    195
    - 
    0
     
  </p>
</div>
`;
